[11:41:46.013] OnSourceInitialized start
[11:41:46.018] HWND=922210
[11:41:46.018] GWL_EXSTYLE before: 0x00080008
[11:41:46.019] GWL_EXSTYLE after: 0x080800A8
[11:41:46.025] Screen 0: {X=0,Y=0,Width=2560,Height=1440}
[11:41:46.027] Engine+Renderer OK
[11:41:46.029] Pipe client starting
[11:41:46.029] OnSourceInitialized OK
[11:45:42.742] OnSourceInitialized start
[11:45:42.747] HWND=4787434
[11:45:42.747] GWL_EXSTYLE before: 0x00080008
[11:45:42.748] GWL_EXSTYLE after: 0x080800A8
[11:45:42.753] Screen 0: {X=0,Y=0,Width=2560,Height=1440}
[11:45:42.755] Engine+Renderer OK
[11:45:42.757] Pipe client starting
[11:45:42.757] OnSourceInitialized OK
[11:48:00.446] OnSourceInitialized start
[11:48:00.447] HWND=2821340
[11:48:00.448] GWL_EXSTYLE before: 0x00080008
[11:48:00.449] GWL_EXSTYLE after: 0x080800A8
[11:48:00.449] Screen 0: {X=0,Y=0,Width=2560,Height=1440}
[11:48:00.451] Engine+Renderer OK
[11:48:00.452] Pipe client starting
[11:48:00.452] OnSourceInitialized OK
[11:48:24.706] Pipe: Pipe error: 调用线程无法访问此对象，因为另一个线程拥有该对象。
[11:49:39.084] OnSourceInitialized start
[11:49:39.085] HWND=659648
[11:49:39.086] GWL_EXSTYLE before: 0x00080008
[11:49:39.086] GWL_EXSTYLE after: 0x080800A8
[11:49:39.086] Screen 0: {X=0,Y=0,Width=2560,Height=1440}
[11:49:39.088] Engine+Renderer OK
[11:49:39.088] Pipe client starting
[11:49:39.088] OnSourceInitialized OK
[11:49:40.463] Pipe: Pipe error: 调用线程无法访问此对象，因为另一个线程拥有该对象。
[11:51:42.386] OnSourceInitialized start
[11:51:42.387] HWND=4131716
[11:51:42.387] GWL_EXSTYLE before: 0x00080008
[11:51:42.388] GWL_EXSTYLE after: 0x080800A8
[11:51:42.388] Screen 0: {X=0,Y=0,Width=2560,Height=1440}
[11:51:42.389] Engine+Renderer OK
[11:51:42.390] Pipe client starting
[11:51:42.390] OnSourceInitialized OK
[11:51:43.964] Pipe: Pipe error: 调用线程无法访问此对象，因为另一个线程拥有该对象。
[11:53:07.251] OnSourceInitialized start
[11:53:07.252] HWND=1772974
[11:53:07.252] GWL_EXSTYLE before: 0x00080008
[11:53:07.253] GWL_EXSTYLE after: 0x080800A8
[11:53:07.253] Screen 0: {X=0,Y=0,Width=2560,Height=1440}
[11:53:07.255] Engine+Renderer OK
[11:53:07.255] Pipe client starting
[11:53:07.255] OnSourceInitialized OK
[11:53:10.726] Pipe: Pipe error: 调用线程无法访问此对象，因为另一个线程拥有该对象。
[11:55:55.493] OnSourceInitialized start
[11:55:55.494] HWND=4002026
[11:55:55.494] GWL_EXSTYLE before: 0x00080008
[11:55:55.495] GWL_EXSTYLE after: 0x080800A8
[11:55:55.495] Screen 0: {X=0,Y=0,Width=2560,Height=1440}
[11:55:55.496] Engine+Renderer OK
[11:55:55.499] Pipe client starting
[11:55:55.499] OnSourceInitialized OK
[11:56:12.705] Pipe: Pipe error: 调用线程无法访问此对象，因为另一个线程拥有该对象。
[11:59:51.348] OnSourceInitialized start
[11:59:51.349] HWND=659772
[11:59:51.350] GWL_EXSTYLE before: 0x00080008
[11:59:51.350] GWL_EXSTYLE after: 0x080800A8
[11:59:51.351] Screen 0: {X=0,Y=0,Width=2560,Height=1440}
[11:59:51.352] Engine+Renderer OK
[11:59:51.353] Pipe client starting
[11:59:51.353] OnSourceInitialized OK
[12:00:08.030] Pipe: Pipe error: 调用线程无法访问此对象，因为另一个线程拥有该对象。
[12:02:12.737] OnSourceInitialized start
[12:02:12.738] HWND=987222
[12:02:12.739] GWL_EXSTYLE before: 0x00080008
[12:02:12.740] GWL_EXSTYLE after: 0x080800A8
[12:02:12.740] Screen 0: {X=0,Y=0,Width=2560,Height=1440}
[12:02:12.742] Engine+Renderer OK
[12:02:12.742] Pipe client starting
[12:02:12.743] OnSourceInitialized OK
[12:02:14.142] Pipe: Pipe error: 调用线程无法访问此对象，因为另一个线程拥有该对象。
